ai automation agency                     {'us': 8, 'uk': 8, 'au': 8}
ai automation services                   {'us': 8, 'uk': 8, 'au': 8}
ai automation consultant                 {'us': 9, 'uk': 9, 'au': 9}
ai consulting services                   {'us': 9, 'uk': 9, 'au': 9}
ai consulting companies                  {'us': 8, 'uk': 9, 'au': 9}
ai integration services                  {'us': 9, 'uk': 9, 'au': 9}
ai implementation services               {'us': 9, 'uk': 9, 'au': 9}
ai implementation consultant             {'us': 9, 'uk': 9, 'au': 9}
ai agent development company             {'us': 9, 'uk': 9, 'au': 9}
ai agents for business                   {'us': 9, 'uk': 8, 'au': 9}
ai readiness assessment                  {'us': 9, 'uk': 9, 'au': 9}
ai appointment setter                    {'us': 8, 'uk': 8, 'au': 8}
generative ai consulting services        {'us': 9, 'uk': 9, 'au': 9}
business automation agency               {'us': 8, 'uk': 8, 'au': 8}
workflow automation services             {'us': 9, 'uk': 9, 'au': 9}
n8n agency                               {'us': 9, 'uk': 9, 'au': 9}
zapier consultant                        {'us': 9, 'uk': 9, 'au': 9}
ai sdr                                   {'us': 10, 'uk': 10, 'au': 10}
ai receptionist                          {'us': 8, 'uk': 8, 'au': 8}
how to implement ai in business          {'us': 8, 'uk': 8, 'au': 8}
lead routing software                    {'us': 8, 'uk': 9, 'au': 9}
lead routing                             {'us': 8, 'uk': 9, 'au': 9}
speed to lead                            {'us': 8, 'uk': 8, 'au': 10}
lead distribution software               {'us': 9, 'uk': 9, 'au': 9}
ai lead qualification                    {'us': 8, 'uk': 8, 'au': 8}
inbound lead management                  {'us': 8, 'uk': 8, 'au': 8}
lead attribution                         {'us': 8, 'uk': 9, 'au': 8}
mql vs sql                               {'us': 8, 'uk': 10, 'au': 8}
lead capture form                        {'us': 8, 'uk': 8, 'au': 8}
closed loop reporting                    {'us': 8, 'uk': 8, 'au': 9}
DONE requests=90 cost=2.25 RUB
